<html>
<body>
<pre>
<h1>µVision Build Log</h1>
<h2>Tool Versions:</h2>
IDE-Version: ¦ÌVision V5.24.2.0
Copyright (C) 2017 ARM Ltd and ARM Germany GmbH. All rights reserved.
License Information: 0.0 0.0, 0.0, LIC=14HY8-39N6G-63AMB-2DSD2-IZFP0-DVWNJ
 
Tool Versions:
Toolchain:       MDK-ARM Plus  Version: 5.24.1
Toolchain Path:  D:\KEIL\ARM\ARMCC\Bin
C Compiler:      Armcc.exe V5.06 update 5 (build 528)
Assembler:       Armasm.exe V5.06 update 5 (build 528)
Linker/Locator:  ArmLink.exe V5.06 update 5 (build 528)
Library Manager: ArmAr.exe V5.06 update 5 (build 528)
Hex Converter:   FromElf.exe V5.06 update 5 (build 528)
CPU DLL:         SARMCM3.DLL V5.24.1
Dialog DLL:      DARMSTM.DLL V1.68.0.0
Target DLL:      Segger\JL2CM3.dll V2.99.26.0
Dialog DLL:        TARMSTM.DLL   
 
<h2>Project:</h2>
G:\Ò»Ö¡ êÍ\project\MDK\RFID RC522\µ÷ÊÔ\µ÷ÊÔ01\USER\USART.uvprojx
Project File Date:  10/25/2017

<h2>Output:</h2>
*** Using Compiler 'V5.06 update 5 (build 528)', folder: 'D:\KEIL\ARM\ARMCC\Bin'
Rebuild target 'Target 1'
compiling stm32f10x_it.c...
compiling led.c...
compiling system_stm32f10x.c...
compiling main.c...
main.c(119): warning:  #177-D: variable "y"  was declared but never referenced
    char y;
main.c(120): warning:  #177-D: variable "num"  was declared but never referenced
  	unsigned char num[] = "0123456789abcdef";
main.c: 2 warnings, 0 errors
compiling rc522.c...
compiling control.c...
compiling delay.c...
compiling my_rc522.c...
assembling startup_stm32f10x_hd.s...
compiling usart.c...
compiling core_cm3.c...
compiling sys.c...
compiling stm32f10x_gpio.c...
compiling stm32f10x_rcc.c...
compiling stm32f10x_usart.c...
compiling misc.c...
linking...
Program Size: Code=9344 RO-data=336 RW-data=148 ZI-data=1868  
FromELF: creating hex file...
"..\OBJ\USART.axf" - 0 Error(s), 2 Warning(s).

<h2>Software Packages used:</h2>

Package Vendor: Keil
                http://www.keil.com/pack/Keil.STM32F1xx_DFP.2.2.0.pack
                Keil.STM32F1xx_DFP.2.2.0
                STMicroelectronics STM32F1 Series Device Support, Drivers and Examples

<h2>Collection of Component include folders:</h2>
  .\RTE\_Target_1
  D:\KEIL\ARM\PACK\Keil\STM32F1xx_DFP\2.2.0\Device\Include

<h2>Collection of Component Files used:</h2>
Build Time Elapsed:  00:00:10
</pre>
</body>
</html>
